###############################################################################
#                                                                             #
# IAR C/C++ Compiler V8.10.3.10338/W32 for 8051         19/Apr/2017  12:15:25 #
# Copyright 2004-2011 IAR Systems AB.                                         #
#                                                                             #
#    Core               =  plain                                              #
#    Code model         =  banked                                             #
#    Data model         =  large                                              #
#    Calling convention =  xdata reentrant                                    #
#    Constant location  =  data_rom                                           #
#    Dptr setup         =  1,16                                               #
#    Source file        =  C:\Users\Administrator\Desktop\PT100\ZStack-CC2530 #
#                          -2.3.0-1.4.0\Projects\zstack\ZIGBEE\ZIGBEE\Source\ #
#                          Router.c                                           #
#    Command line       =  -f C:\Users\Administrator\Desktop\PT100\ZStack-CC2 #
#                          530-2.3.0-1.4.0\Projects\zstack\ZIGBEE\ZIGBEE\CC25 #
#                          30DB\..\..\..\Tools\CC2530DB\f8wRouter.cfg         #
#                          (-DCPU32MHZ -DROOT=__near_func                     #
#                          -DMAC_CFG_APP_PENDING_QUEUE=TRUE -DRTR_NWK         #
#                          -DBLINK_LEDS) -f C:\Users\Administrator\Desktop\PT #
#                          100\ZStack-CC2530-2.3.0-1.4.0\Projects\zstack\ZIGB #
#                          EE\ZIGBEE\CC2530DB\..\..\..\Tools\CC2530DB\f8wConf #
#                          ig.cfg (-DSECURE=0 -DZG_SECURE_DYNAMIC=0           #
#                          -DREFLECTOR -DDEFAULT_CHANLIST=0x00000800          #
#                          -DZDAPP_CONFIG_PAN_ID=0xFFF1                       #
#                          -DNWK_START_DELAY=100 -DEXTENDED_JOINING_RANDOM_MA #
#                          SK=0x007F -DBEACON_REQUEST_DELAY=100               #
#                          -DBEACON_REQ_DELAY_MASK=0x00FF                     #
#                          -DROUTE_EXPIRY_TIME=30 -DAPSC_ACK_WAIT_DURATION_PO #
#                          LLED=3000 -DNWK_INDIRECT_MSG_TIMEOUT=7             #
#                          -DMAX_RREQ_ENTRIES=8 -DAPSC_MAX_FRAME_RETRIES=3    #
#                          -DNWK_MAX_DATA_RETRIES=2                           #
#                          -DMAX_POLL_FAILURE_RETRIES=2 -DMAX_BCAST=9         #
#                          -DAPS_MAX_GROUPS=16 -DMAX_RTG_ENTRIES=40           #
#                          -DNWK_MAX_BINDING_ENTRIES=4                        #
#                          -DMAX_BINDING_CLUSTER_IDS=4 "-DDEFAULT_KEY={0x01,  #
#                          0x03, 0x05, 0x07, 0x09, 0x0B, 0x0D, 0x0F, 0x00,    #
#                          0x02, 0x04, 0x06, 0x08, 0x0A, 0x0C, 0x0D}"         #
#                          -DMAC_MAX_FRAME_SIZE=116 "-DCONST=const __code"    #
#                          -DGENERIC=__generic -DRFD_RCVC_ALWAYS_ON=FALSE     #
#                          -DPOLL_RATE=1000 -DQUEUED_POLL_RATE=100            #
#                          -DRESPONSE_POLL_RATE=100) -DREJOIN_POLL_RATE=440   #
#                          C:\Users\Administrator\Desktop\PT100\ZStack-CC2530 #
#                          -2.3.0-1.4.0\Projects\zstack\ZIGBEE\ZIGBEE\Source\ #
#                          Router.c -D ZIGBEEPRO -D ZTOOL_P1 -D MT_TASK -D    #
#                          MT_SYS_FUNC -D MT_ZDO_FUNC -D LCD_SUPPORTED=DEBUG  #
#                          -lC C:\Users\Administrator\Desktop\PT100\ZStack-CC #
#                          2530-2.3.0-1.4.0\Projects\zstack\ZIGBEE\ZIGBEE\CC2 #
#                          530DB\RouterEB-Pro\List\ -lA                       #
#                          C:\Users\Administrator\Desktop\PT100\ZStack-CC2530 #
#                          -2.3.0-1.4.0\Projects\zstack\ZIGBEE\ZIGBEE\CC2530D #
#                          B\RouterEB-Pro\List\ --diag_suppress Pe001,Pa010   #
#                          -o C:\Users\Administrator\Desktop\PT100\ZStack-CC2 #
#                          530-2.3.0-1.4.0\Projects\zstack\ZIGBEE\ZIGBEE\CC25 #
#                          30DB\RouterEB-Pro\Obj\ -e --debug --core=plain     #
#                          --dptr=16,1 --data_model=large                     #
#                          --code_model=banked --calling_convention=xdata_ree #
#                          ntrant --place_constants=data_rom                  #
#                          --nr_virtual_regs 16 -I C:\Users\Administrator\Des #
#                          ktop\PT100\ZStack-CC2530-2.3.0-1.4.0\Projects\zsta #
#                          ck\ZIGBEE\ZIGBEE\CC2530DB\ -I                      #
#                          C:\Users\Administrator\Desktop\PT100\ZStack-CC2530 #
#                          -2.3.0-1.4.0\Projects\zstack\ZIGBEE\ZIGBEE\CC2530D #
#                          B\..\SOURCE\ -I C:\Users\Administrator\Desktop\PT1 #
#                          00\ZStack-CC2530-2.3.0-1.4.0\Projects\zstack\ZIGBE #
#                          E\ZIGBEE\CC2530DB\..\..\..\ZMAIN\TI2530DB\ -I      #
#                          C:\Users\Administrator\Desktop\PT100\ZStack-CC2530 #
#                          -2.3.0-1.4.0\Projects\zstack\ZIGBEE\ZIGBEE\CC2530D #
#                          B\..\..\..\..\..\COMPONENTS\MT\ -I                 #
#                          C:\Users\Administrator\Desktop\PT100\ZStack-CC2530 #
#                          -2.3.0-1.4.0\Projects\zstack\ZIGBEE\ZIGBEE\CC2530D #
#                          B\..\..\..\..\..\COMPONENTS\HAL\INCLUDE\ -I        #
#                          C:\Users\Administrator\Desktop\PT100\ZStack-CC2530 #
#                          -2.3.0-1.4.0\Projects\zstack\ZIGBEE\ZIGBEE\CC2530D #
#                          B\..\..\..\..\..\COMPONENTS\HAL\TARGET\CC2530EB\   #
#                          -I C:\Users\Administrator\Desktop\PT100\ZStack-CC2 #
#                          530-2.3.0-1.4.0\Projects\zstack\ZIGBEE\ZIGBEE\CC25 #
#                          30DB\..\..\..\..\..\COMPONENTS\OSAL\MCU\CCSOC\ -I  #
#                          C:\Users\Administrator\Desktop\PT100\ZStack-CC2530 #
#                          -2.3.0-1.4.0\Projects\zstack\ZIGBEE\ZIGBEE\CC2530D #
#                          B\..\..\..\..\..\COMPONENTS\OSAL\INCLUDE\ -I       #
#                          C:\Users\Administrator\Desktop\PT100\ZStack-CC2530 #
#                          -2.3.0-1.4.0\Projects\zstack\ZIGBEE\ZIGBEE\CC2530D #
#                          B\..\..\..\..\..\COMPONENTS\STACK\AF\ -I           #
#                          C:\Users\Administrator\Desktop\PT100\ZStack-CC2530 #
#                          -2.3.0-1.4.0\Projects\zstack\ZIGBEE\ZIGBEE\CC2530D #
#                          B\..\..\..\..\..\COMPONENTS\STACK\NWK\ -I          #
#                          C:\Users\Administrator\Desktop\PT100\ZStack-CC2530 #
#                          -2.3.0-1.4.0\Projects\zstack\ZIGBEE\ZIGBEE\CC2530D #
#                          B\..\..\..\..\..\COMPONENTS\STACK\SEC\ -I          #
#                          C:\Users\Administrator\Desktop\PT100\ZStack-CC2530 #
#                          -2.3.0-1.4.0\Projects\zstack\ZIGBEE\ZIGBEE\CC2530D #
#                          B\..\..\..\..\..\COMPONENTS\STACK\SAPI\ -I         #
#                          C:\Users\Administrator\Desktop\PT100\ZStack-CC2530 #
#                          -2.3.0-1.4.0\Projects\zstack\ZIGBEE\ZIGBEE\CC2530D #
#                          B\..\..\..\..\..\COMPONENTS\STACK\SYS\ -I          #
#                          C:\Users\Administrator\Desktop\PT100\ZStack-CC2530 #
#                          -2.3.0-1.4.0\Projects\zstack\ZIGBEE\ZIGBEE\CC2530D #
#                          B\..\..\..\..\..\COMPONENTS\STACK\ZDO\ -I          #
#                          C:\Users\Administrator\Desktop\PT100\ZStack-CC2530 #
#                          -2.3.0-1.4.0\Projects\zstack\ZIGBEE\ZIGBEE\CC2530D #
#                          B\..\..\..\..\..\COMPONENTS\ZMAC\F8W\ -I           #
#                          C:\Users\Administrator\Desktop\PT100\ZStack-CC2530 #
#                          -2.3.0-1.4.0\Projects\zstack\ZIGBEE\ZIGBEE\CC2530D #
#                          B\..\..\..\..\..\COMPONENTS\ZMAC\ -I               #
#                          C:\Users\Administrator\Desktop\PT100\ZStack-CC2530 #
#                          -2.3.0-1.4.0\Projects\zstack\ZIGBEE\ZIGBEE\CC2530D #
#                          B\..\..\..\..\..\COMPONENTS\SERVICES\SADDR\ -I     #
#                          C:\Users\Administrator\Desktop\PT100\ZStack-CC2530 #
#                          -2.3.0-1.4.0\Projects\zstack\ZIGBEE\ZIGBEE\CC2530D #
#                          B\..\..\..\..\..\COMPONENTS\SERVICES\SDATA\ -I     #
#                          C:\Users\Administrator\Desktop\PT100\ZStack-CC2530 #
#                          -2.3.0-1.4.0\Projects\zstack\ZIGBEE\ZIGBEE\CC2530D #
#                          B\..\..\..\..\..\COMPONENTS\MAC\INCLUDE\ -I        #
#                          C:\Users\Administrator\Desktop\PT100\ZStack-CC2530 #
#                          -2.3.0-1.4.0\Projects\zstack\ZIGBEE\ZIGBEE\CC2530D #
#                          B\..\..\..\..\..\COMPONENTS\MAC\HIGH_LEVEL\ -I     #
#                          C:\Users\Administrator\Desktop\PT100\ZStack-CC2530 #
#                          -2.3.0-1.4.0\Projects\zstack\ZIGBEE\ZIGBEE\CC2530D #
#                          B\..\..\..\..\..\COMPONENTS\MAC\LOW_LEVEL\srf04\   #
#                          -I C:\Users\Administrator\Desktop\PT100\ZStack-CC2 #
#                          530-2.3.0-1.4.0\Projects\zstack\ZIGBEE\ZIGBEE\CC25 #
#                          30DB\..\..\..\..\..\COMPONENTS\MAC\LOW_LEVEL\srf04 #
#                          \SINGLE_CHIP\ -Ohz --require_prototypes            #
#    List file          =  C:\Users\Administrator\Desktop\PT100\ZStack-CC2530 #
#                          -2.3.0-1.4.0\Projects\zstack\ZIGBEE\ZIGBEE\CC2530D #
#                          B\RouterEB-Pro\List\Router.lst                     #
#    Object file        =  C:\Users\Administrator\Desktop\PT100\ZStack-CC2530 #
#                          -2.3.0-1.4.0\Projects\zstack\ZIGBEE\ZIGBEE\CC2530D #
#                          B\RouterEB-Pro\Obj\Router.r51                      #
#                                                                             #
#                                                                             #
###############################################################################

C:\Users\Administrator\Desktop\PT100\ZStack-CC2530-2.3.0-1.4.0\Projects\zstack\ZIGBEE\ZIGBEE\Source\Router.c
      1          /**************************************************************************************************
      2            Filename:       SampleApp.c
      3            Revised:        $Date: 2009-03-18 15:56:27 -0700 (Wed, 18 Mar 2009) $
      4            Revision:       $Revision: 19453 $
      5          
      6            Description:    Sample Application (no Profile).
      7          
      8          **************************************************************************************************/
      9          
     10          #include "OSAL.h"
     11          #include "ZGlobals.h"
     12          #include "AF.h"
     13          #include "aps_groups.h"
     14          #include "ZDApp.h"
     15          #include <string.h>
     16          #include <stdio.h>
     17          #include "SampleApp.h"
     18          #include "SampleAppHw.h"
     19          
     20          #include "OnBoard.h"
     21          
     22          /* HAL */
     23          #include "hal_lcd.h"
     24          #include "hal_led.h"
     25          #include "hal_key.h"
     26          #include "MT_UART.h"
     27          #include "MT_APP.h"
     28          #include "MT.h"
     29          
     30          

   \                                 In  segment XDATA_Z, align 1, keep-with-next
     31          uint8 CMD;
   \                     CMD:
   \   000000                DS 1
   \   000001                REQUIRE __INIT_XDATA_Z
     32          // This list should be filled with Application specific Cluster IDs.

   \                                 In  segment XDATA_ROM_C, align 1
     33          const cId_t SampleApp_ClusterList[ENDDEVICE_MAX_CLUSTERS] =
   \                     SampleApp_ClusterList:
   \   000000   0100         DW 1
     34          {
     35           ENDDEVIC1_MSG
     36          };
     37          

   \                                 In  segment XDATA_ROM_C, align 1
     38          const SimpleDescriptionFormat_t SampleApp_SimpleDesc =
   \                     SampleApp_SimpleDesc:
   \   000000   14           DB 20
   \   000001   080F         DW 3848
   \   000003   0100         DW 1
   \   000005   00           DB 0
   \   000006   01           DB 1
   \   000007   ....         DW SampleApp_ClusterList
   \   000009   01           DB 1
   \   00000A   ....         DW SampleApp_ClusterList
     39          {
     40            SAMPLEAPP_ENDPOINT,              //  int Endpoint;
     41            SAMPLEAPP_PROFID,                //  uint16 AppProfId[2];
     42            SAMPLEAPP_DEVICEID,              //  uint16 AppDevVer:4;
     43            SAMPLEAPP_FLAGS,                 //  int  pDeviceId[2];
     44            SAMPLEAPP_DEVICE_VERSION,        //  int   Ap AppFlags:4;
     45            ENDDEVICE_MAX_CLUSTERS,          //  uint  8  AppNumInClusters;
     46            (cId_t *)SampleApp_ClusterList,  //  uint8 *pAppInClusterList;
     47            ENDDEVICE_MAX_CLUSTERS,          //  uint8  AppNumInClusters;
     48            (cId_t *)SampleApp_ClusterList   //  uint8 *pAppInClusterList;
     49          };
     50          
     51          // This is the Endpoint/Interface description.  It is defined here, but
     52          // filled-in in SampleApp_Init().  Another way to go would be to fill
     53          // in the structure here and make it a "const" (in code space).  The
     54          // way it's defined in this sample app it is define in RAM.

   \                                 In  segment XDATA_Z, align 1, keep-with-next
     55          endPointDesc_t SampleApp_epDesc;
   \                     SampleApp_epDesc:
   \   000000                DS 6
   \   000006                REQUIRE __INIT_XDATA_Z
     56          
     57          /*********************************************************************
     58           * EXTERNAL VARIABLES
     59           */
     60          
     61          /*********************************************************************
     62           * EXTERNAL FUNCTIONS
     63           */
     64          
     65          /*********************************************************************
     66           * LOCAL VARIABLES
     67           */

   \                                 In  segment XDATA_Z, align 1, keep-with-next
     68          uint8 SampleApp_TaskID;   // Task ID for internal task/event processing
   \                     SampleApp_TaskID:
   \   000000                DS 1
   \   000001                REQUIRE __INIT_XDATA_Z
     69                                    // This variable will be received when
     70                                    // SampleApp_Init() is called.

   \                                 In  segment XDATA_Z, align 1, keep-with-next
     71          devStates_t SampleApp_NwkState;
   \                     SampleApp_NwkState:
   \   000000                DS 1
   \   000001                REQUIRE __INIT_XDATA_Z
     72          

   \                                 In  segment XDATA_Z, align 1, keep-with-next
     73          uint8 SampleApp_TransID;  // This is the unique message ID (counter)
   \                     SampleApp_TransID:
   \   000000                DS 1
   \   000001                REQUIRE __INIT_XDATA_Z
     74          
     75          

   \                                 In  segment XDATA_Z, align 1, keep-with-next
     76          afAddrType_t SampleApp_P2P_DstAddr;      //点播
   \                     SampleApp_P2P_DstAddr:
   \   000000                DS 12
   \   00000C                REQUIRE __INIT_XDATA_Z
     77          
     78          
     79          /*********************************************************************
     80           * LOCAL FUNCTIONS
     81           */
     82          void SampleApp_HandleKeys( uint8 shift, uint8 keys );
     83          void SampleApp_MessageMSGCB( afIncomingMSGPacket_t *pckt );
     84          void SampleApp_Send_P2P_Message(void);
     85          void UART_CallBack(uint8 port, uint8 event);
     86          /*********************************************************************
     87           * NETWORK LAYER CALLBACKS
     88           */
     89          
     90          /*********************************************************************
     91           * PUBLIC FUNCTIONS
     92           */
     93          
     94          /*********************************************************************
     95           * @fn      SampleApp_Init
     96           *
     97           * @brief   Initialization function for the Generic App Task.
     98           *          This is called during initialization and should contain
     99           *          any application specific initialization (ie. hardware
    100           *          initialization/setup, table initialization, power up
    101           *          notificaiton ... ).
    102           *
    103           * @param   task_id - the ID assigned by OSAL.  This ID should be
    104           *                    used to send messages and set timers.
    105           *
    106           * @return  none
    107           */

   \                                 In  segment BANKED_CODE, align 1, keep-with-next
    108          void SampleApp_Init( uint8 task_id )
   \                     SampleApp_Init:
    109          { 
   \   000000   74F7         MOV     A,#-0x9
   \   000002   12....       LCALL   ?BANKED_ENTER_XDATA
   \   000005                ; Saved register size: 9
   \   000005                ; Auto size: 0
   \   000005   E9           MOV     A,R1
   \   000006   FE           MOV     R6,A
    110            SampleApp_TaskID = task_id;
   \   000007   90....       MOV     DPTR,#SampleApp_TaskID
   \   00000A   F0           MOVX    @DPTR,A
    111            SampleApp_NwkState = DEV_INIT;
   \   00000B   90....       MOV     DPTR,#SampleApp_NwkState
   \   00000E   7401         MOV     A,#0x1
   \   000010   F0           MOVX    @DPTR,A
    112            SampleApp_TransID = 0;
   \   000011   90....       MOV     DPTR,#SampleApp_TransID
   \   000014   E4           CLR     A
   \   000015   F0           MOVX    @DPTR,A
    113            
    114            MT_UartInit();                  //串口初始化
   \   000016                ; Setup parameters for call to function MT_UartInit
   \   000016   12....       LCALL   ??MT_UartInit?relay
    115            MT_UartRegisterTaskID(task_id); //注册串口任务
   \   000019                ; Setup parameters for call to function MT_UartRegisterTaskID
   \   000019   EE           MOV     A,R6
   \   00001A   F9           MOV     R1,A
   \   00001B   12....       LCALL   ??MT_UartRegisterTaskID?relay
    116            
    117            // Device hardware initialization can be added here or in main() (Zmain.c).
    118            // If the hardware is application specific - add it here.
    119            // If the hardware is other parts of the device add it in main().
    120          
    121           
    122          #if defined ( HOLD_AUTO_START )
    123            // HOLD_AUTO_START is a compile option that will surpress ZDApp
    124            //  from starting the device and wait for the application to
    125            //  start the device.
    126            ZDOInitDevice(0);
    127          #endif
    128           
    129            SampleApp_P2P_DstAddr.addrMode = (afAddrMode_t)AddrBroadcast; //点播 
   \   00001E   90....       MOV     DPTR,#SampleApp_P2P_DstAddr + 8
   \   000021   740F         MOV     A,#0xf
   \   000023   F0           MOVX    @DPTR,A
    130            SampleApp_P2P_DstAddr.endPoint = SAMPLEAPP_ENDPOINT; 
   \   000024   A3           INC     DPTR
   \   000025   7414         MOV     A,#0x14
   \   000027   F0           MOVX    @DPTR,A
    131            
    132            SampleApp_P2P_DstAddr.addr.shortAddr = 0xFFFF;          
   \   000028   90....       MOV     DPTR,#SampleApp_P2P_DstAddr
   \   00002B   74FF         MOV     A,#-0x1
   \   00002D   F0           MOVX    @DPTR,A
   \   00002E   A3           INC     DPTR
   \   00002F   F0           MOVX    @DPTR,A
    133          
    134            // Fill out the endpoint description.
    135            SampleApp_epDesc.endPoint = SAMPLEAPP_ENDPOINT;
   \   000030   90....       MOV     DPTR,#SampleApp_epDesc
   \   000033   7414         MOV     A,#0x14
   \   000035   F0           MOVX    @DPTR,A
    136            SampleApp_epDesc.task_id = &SampleApp_TaskID;
   \   000036   A3           INC     DPTR
   \   000037   74..         MOV     A,#SampleApp_TaskID & 0xff
   \   000039   F0           MOVX    @DPTR,A
   \   00003A   A3           INC     DPTR
   \   00003B   74..         MOV     A,#(SampleApp_TaskID >> 8) & 0xff
   \   00003D   F0           MOVX    @DPTR,A
    137            SampleApp_epDesc.simpleDesc
    138                      = (SimpleDescriptionFormat_t *)&SampleApp_SimpleDesc;
   \   00003E   A3           INC     DPTR
   \   00003F   74..         MOV     A,#SampleApp_SimpleDesc & 0xff
   \   000041   F0           MOVX    @DPTR,A
   \   000042   A3           INC     DPTR
   \   000043   74..         MOV     A,#(SampleApp_SimpleDesc >> 8) & 0xff
   \   000045   F0           MOVX    @DPTR,A
    139            SampleApp_epDesc.latencyReq = noLatencyReqs;
   \   000046   A3           INC     DPTR
   \   000047   E4           CLR     A
   \   000048   F0           MOVX    @DPTR,A
    140          
    141            // Register the endpoint description with the AF
    142            afRegister( &SampleApp_epDesc );
   \   000049                ; Setup parameters for call to function afRegister
   \   000049   7A..         MOV     R2,#SampleApp_epDesc & 0xff
   \   00004B   7B..         MOV     R3,#(SampleApp_epDesc >> 8) & 0xff
   \   00004D   12....       LCALL   ??afRegister?relay
    143          
    144            // Register for all key events - This app will handle all key events
    145            RegisterForKeys( SampleApp_TaskID );
   \   000050                ; Setup parameters for call to function RegisterForKeys
   \   000050   90....       MOV     DPTR,#SampleApp_TaskID
   \   000053   E0           MOVX    A,@DPTR
   \   000054   F9           MOV     R1,A
   \   000055   12....       LCALL   ??RegisterForKeys?relay
    146          
    147            // By default, all devices start out in Group 1
    148           
    149          }
   \   000058   7F01         MOV     R7,#0x1
   \   00005A   02....       LJMP    ?BANKED_LEAVE_XDATA
    150          
    151          /*********************************************************************
    152           * @fn      SampleApp_ProcessEvent
    153           *
    154           * @brief   Generic Application Task event processor.  This function
    155           *          is called to process all events for the task.  Events
    156           *          include timers, messages and any other user defined events.
    157           *
    158           * @param   task_id  - The OSAL assigned task ID.
    159           * @param   events - events to process.  This is a bit map and can
    160           *                   contain more than one event.
    161           *
    162           * @return  none
    163           */

   \                                 In  segment BANKED_CODE, align 1, keep-with-next
    164          uint16 SampleApp_ProcessEvent( uint8 task_id, uint16 events )
   \                     SampleApp_ProcessEvent:
    165          {
   \   000000   74F6         MOV     A,#-0xa
   \   000002   12....       LCALL   ?BANKED_ENTER_XDATA
   \   000005                ; Saved register size: 10
   \   000005                ; Auto size: 0
   \   000005   EA           MOV     A,R2
   \   000006   FE           MOV     R6,A
   \   000007   EB           MOV     A,R3
   \   000008   FF           MOV     R7,A
    166            afIncomingMSGPacket_t *MSGpkt;
    167            (void)task_id;  // Intentionally unreferenced parameter
    168          
    169            if ( events & SYS_EVENT_MSG )
   \   000009   5480         ANL     A,#0x80
   \   00000B   6028         JZ      ??SampleApp_ProcessEvent_0
    170            {
    171              MSGpkt = (afIncomingMSGPacket_t *)osal_msg_receive( SampleApp_TaskID );
   \   00000D                ; Setup parameters for call to function osal_msg_receive
   \   00000D   8012         SJMP    ??SampleApp_ProcessEvent_1
    172              while ( MSGpkt )
    173              {
    174                switch ( MSGpkt->hdr.event )
   \                     ??SampleApp_ProcessEvent_2:
   \   00000F   8A82         MOV     DPL,R2
   \   000011   8B83         MOV     DPH,R3
   \   000013   E0           MOVX    A,@DPTR
   \   000014   64D1         XRL     A,#0xd1
   \   000016   7006         JNZ     ??SampleApp_ProcessEvent_3
    175                {
    176                  // Received when a key is pressed
    177                  case KEY_CHANGE:
    178                   
    179                    break;
    180          
    181                  // Received when a messages is received (OTA) for this endpoint
    182                  case AF_INCOMING_MSG_CMD:
    183                   
    184                    break;
    185          
    186                  // Received whenever the device changes state in the network
    187                  case ZDO_STATE_CHANGE:
    188                    SampleApp_NwkState = (devStates_t)(MSGpkt->hdr.status);
   \   000018   A3           INC     DPTR
   \   000019   E0           MOVX    A,@DPTR
   \   00001A   90....       MOV     DPTR,#SampleApp_NwkState
   \   00001D   F0           MOVX    @DPTR,A
    189                    if ( (SampleApp_NwkState == DEV_ZB_COORD) ||
    190                           (SampleApp_NwkState == DEV_ROUTER)
    191                         || (SampleApp_NwkState == DEV_END_DEVICE) )
    192                      {
    193                      // Start sending the periodic message in a regular interval.
    194                     
    195                      }
    196                    else
    197                    {
    198                      // Device is no longer in the network
    199                    }
    200                    break;
    201          
    202                  default:
    203                    break;
    204                }
    205          
    206                // Release the memory
    207                osal_msg_deallocate( (uint8 *)MSGpkt );
   \                     ??SampleApp_ProcessEvent_3:
   \   00001E                ; Setup parameters for call to function osal_msg_deallocate
   \   00001E   12....       LCALL   ??osal_msg_deallocate?relay
    208          
    209                // Next - if one is available
    210                MSGpkt = (afIncomingMSGPacket_t *)osal_msg_receive( SampleApp_TaskID );
   \   000021                ; Setup parameters for call to function osal_msg_receive
   \                     ??SampleApp_ProcessEvent_1:
   \   000021   90....       MOV     DPTR,#SampleApp_TaskID
   \   000024   E0           MOVX    A,@DPTR
   \   000025   F9           MOV     R1,A
   \   000026   12....       LCALL   ??osal_msg_receive?relay
    211              }
   \   000029   EA           MOV     A,R2
   \   00002A   4B           ORL     A,R3
   \   00002B   70E2         JNZ     ??SampleApp_ProcessEvent_2
    212          
    213              // return unprocessed events
    214              return (events ^ SYS_EVENT_MSG);
   \   00002D   EE           MOV     A,R6
   \   00002E   FA           MOV     R2,A
   \   00002F   EF           MOV     A,R7
   \   000030   6480         XRL     A,#0x80
   \   000032   FB           MOV     R3,A
   \   000033   8004         SJMP    ??SampleApp_ProcessEvent_4
    215            }
    216          
    217            return 0;
   \                     ??SampleApp_ProcessEvent_0:
   \   000035   7A00         MOV     R2,#0x0
   \   000037   7B00         MOV     R3,#0x0
   \                     ??SampleApp_ProcessEvent_4:
   \   000039   7F02         MOV     R7,#0x2
   \   00003B   02....       LJMP    ?BANKED_LEAVE_XDATA
    218          }
    219          
    220          /*********************************************************************
    221           * Event Generation Functions
    222           */
    223          /*********************************************************************
    224           * @fn      SampleApp_HandleKeys
    225           *
    226           * @brief   Handles all key events for this device.
    227           *
    228           * @param   shift - true if in shift/alt.
    229           * @param   keys - bit field for key events. Valid entries:
    230           *                 HAL_KEY_SW_2
    231           *                 HAL_KEY_SW_1
    232           *
    233           * @return  none
    234           */

   \                                 In  segment BANKED_CODE, align 1, keep-with-next
    235          void SampleApp_HandleKeys( uint8 shift, uint8 keys )
   \                     SampleApp_HandleKeys:
    236          {
   \   000000                ; Saved register size: 0
   \   000000                ; Auto size: 0
    237            
    238            (void)shift;  // Intentionally unreferenced parameter
    239            
    240            if ( keys & HAL_KEY_SW_6 )
    241            {
    242              
    243          
    244            }
    245          }
   \   000000   02....       LJMP    ?BRET
    246          
    247          /*********************************************************************
    248           * LOCAL FUNCTIONS
    249           */
    250          
    251          /*********************************************************************
    252           * @fn      SampleApp_MessageMSGCB
    253           *
    254           * @brief   Data message processor callback.  This function processes
    255           *          any incoming data - probably from other devices.  So, based
    256           *          on cluster ID, perform the intended action.
    257           *
    258           * @param   none
    259           *
    260           * @return  none
    261           */

   \                                 In  segment BANKED_CODE, align 1, keep-with-next
    262          void SampleApp_MessageMSGCB( afIncomingMSGPacket_t *pkt )
   \                     SampleApp_MessageMSGCB:
    263          {
   \   000000                ; Saved register size: 0
   \   000000                ; Auto size: 0
    264           
    265            switch ( pkt->clusterId )
    266            {
    267            }
    268          }
   \   000000   02....       LJMP    ?BRET
    269          
    270          /*********************************************************************
    271           * @fn      SampleApp_Send_P2P_Message
    272           *
    273           * @brief   point to point.
    274           *
    275           * @param   none
    276           *
    277           * @return  none
    278           */

   \                                 In  segment BANKED_CODE, align 1, keep-with-next
    279          void SampleApp_Send_P2P_Message( void )
   \                     SampleApp_Send_P2P_Message:
    280          {
   \   000000                ; Saved register size: 0
   \   000000                ; Auto size: 0
    281            
    282            
    283          }
   \   000000   02....       LJMP    ?BRET

   \                                 In  segment BANKED_CODE, align 1, keep-with-next
    284          void UART_CallBack(uint8 port, uint8 event)//串口接收终端发送，启动该函数
   \                     UART_CallBack:
    285          {
   \   000000                ; Saved register size: 0
   \   000000                ; Auto size: 0
    286          }
   \   000000   02....       LJMP    ?BRET

   \                                 In  segment BANK_RELAYS, align 1
   \                     ??SampleApp_Init?relay:
   \   000000   12....       LCALL   ?BDISPATCH
   \   000003   ......       DC24    SampleApp_Init

   \                                 In  segment BANK_RELAYS, align 1
   \                     ??SampleApp_ProcessEvent?relay:
   \   000000   12....       LCALL   ?BDISPATCH
   \   000003   ......       DC24    SampleApp_ProcessEvent

   \                                 In  segment BANK_RELAYS, align 1
   \                     ??SampleApp_HandleKeys?relay:
   \   000000   12....       LCALL   ?BDISPATCH
   \   000003   ......       DC24    SampleApp_HandleKeys

   \                                 In  segment BANK_RELAYS, align 1
   \                     ??SampleApp_MessageMSGCB?relay:
   \   000000   12....       LCALL   ?BDISPATCH
   \   000003   ......       DC24    SampleApp_MessageMSGCB

   \                                 In  segment BANK_RELAYS, align 1
   \                     ??SampleApp_Send_P2P_Message?relay:
   \   000000   12....       LCALL   ?BDISPATCH
   \   000003   ......       DC24    SampleApp_Send_P2P_Message

   \                                 In  segment BANK_RELAYS, align 1
   \                     ??UART_CallBack?relay:
   \   000000   12....       LCALL   ?BDISPATCH
   \   000003   ......       DC24    UART_CallBack
    287          
    288          /*********************************************************************
    289          *********************************************************************/
    290          
    291          

   Maximum stack usage in bytes:

     Function                   ISTACK PSTACK XSTACK
     --------                   ------ ------ ------
     SampleApp_HandleKeys           0      0      0
     SampleApp_Init                 0      0      9
       -> MT_UartInit               0      0     18
       -> MT_UartRegisterTaskID     0      0     18
       -> afRegister                0      0     18
       -> RegisterForKeys           0      0     18
     SampleApp_MessageMSGCB         0      0      0
     SampleApp_ProcessEvent         0      0     10
       -> osal_msg_receive          0      0     20
       -> osal_msg_deallocate       0      0     20
       -> osal_msg_receive          0      0     20
     SampleApp_Send_P2P_Message     0      0      0
     UART_CallBack                  0      0      0


   Segment part sizes:

     Function/Label                     Bytes
     --------------                     -----
     CMD                                   1
     SampleApp_ClusterList                 2
     SampleApp_SimpleDesc                 12
     SampleApp_epDesc                      6
     SampleApp_TaskID                      1
     SampleApp_NwkState                    1
     SampleApp_TransID                     1
     SampleApp_P2P_DstAddr                12
     SampleApp_Init                       93
     SampleApp_ProcessEvent               62
     SampleApp_HandleKeys                  3
     SampleApp_MessageMSGCB                3
     SampleApp_Send_P2P_Message            3
     UART_CallBack                         3
     ??SampleApp_Init?relay                6
     ??SampleApp_ProcessEvent?relay        6
     ??SampleApp_HandleKeys?relay          6
     ??SampleApp_MessageMSGCB?relay        6
     ??SampleApp_Send_P2P_Message?relay    6
     ??UART_CallBack?relay                 6

 
 167 bytes in segment BANKED_CODE
  36 bytes in segment BANK_RELAYS
  14 bytes in segment XDATA_ROM_C
  22 bytes in segment XDATA_Z
 
 203 bytes of CODE  memory
  14 bytes of CONST memory
  22 bytes of XDATA memory

Errors: none
Warnings: none
